// Jest Snapshot v1, https://goo.gl/fbAQLP

exports[`PresetLoaderDialogRow matches snapshot 1`] = `
<DocumentFragment>
  <tr
    class="preset-loader-dialog-row"
  >
    <td
      class="preset-loader-dialog-row-label"
    >
      <a
        class="nav-link"
        data-testid="PresetLoaderDialogRowLink"
      >
        Some label
      </a>
    </td>
    <td>
      <button
        class="btn btn-secondary"
        data-testid="PresetLoaderDialogRowButton"
        type="button"
      >
        Load
      </button>
    </td>
  </tr>
</DocumentFragment>
`;
