// Jest Snapshot v1, https://goo.gl/fbAQLP

exports[`PresetLoaderDialog matches snapshot 1`] = `<DocumentFragment />`;
