// Jest Snapshot v1, https://goo.gl/fbAQLP

exports[`model evolve produces correct output for 10 days 1`] = `
Object {
  "cumulative": Object {
    "critical": Array [
      0,
      0,
      0,
      0,
      0,
      0.714168059278575,
      0,
      0,
      0,
    ],
    "fatality": Array [
      0,
      0,
      0,
      0,
      0,
      0.07398017088088969,
      0,
      0,
      0,
    ],
    "hospitalized": Array [
      0,
      0,
      0,
      0,
      0,
      3.7935334350618652,
      0,
      0,
      0,
    ],
    "recovered": Array [
      0,
      0,
      0,
      0,
      0,
      150.09030814524849,
      0,
      0,
      0,
    ],
  },
  "current": Object {
    "critical": Array [
      0,
      0,
      0,
      0,
      0,
      0.5292176320763506,
      0,
      0,
      0,
    ],
    "exposed": Array [
      Array [
        0,
        0,
        0,
      ],
      Array [
        0,
        0,
        0,
      ],
      Array [
        0,
        0,
        0,
      ],
      Array [
        0,
        0,
        0,
      ],
      Array [
        0,
        0,
        0,
      ],
      Array [
        0,
        0.12939950092764685,
        0.8993752629333455,
      ],
      Array [
        0,
        0,
        0,
      ],
      Array [
        0,
        0,
        0,
      ],
      Array [
        0,
        0,
        0,
      ],
    ],
    "infectious": Array [
      0,
      0,
      0,
      0,
      0,
      13.014887833664384,
      0,
      0,
      0,
    ],
    "overflow": Array [
      0,
      0,
      0,
      0,
      0,
      0,
      0,
      0,
      0,
    ],
    "severe": Array [
      0,
      0,
      0,
      0,
      0,
      1.0478314542688991,
      0,
      0,
      0,
    ],
    "susceptible": Array [
      0,
      0,
      0,
      0,
      0,
      0,
      0,
      0,
      0,
    ],
  },
  "time": 1583913600000,
}
`;

exports[`model getPopulationParams calculates correct params 1`] = `
Array [
  Object {
    "ICUBeds": 80,
    "ageDistribution": Object {
      "0-9": 0.10225114395521838,
      "10-19": 0.0964647560575147,
      "20-29": 0.12013546056661978,
      "30-39": 0.14087582334618426,
      "40-49": 0.13479387083572222,
      "50-59": 0.15259164409491252,
      "60-69": 0.11293803472872646,
      "70-79": 0.08688929452955889,
      "80+": 0.053059971885542775,
    },
    "frac": Object {
      "critical": Array [
        0.000025,
        0.00015000000000000001,
        0.00030000000000000003,
        0.0006749999999999999,
        0.0024000000000000002,
        0.00625,
        0.02625,
        0.063,
        0.1375,
      ],
      "fatal": Array [
        0.0000075,
        0.000045,
        0.00009,
        0.00020249999999999996,
        0.00072,
        0.0025000000000000005,
        0.0105,
        0.0315,
        0.06875,
      ],
      "isolated": Array [
        0,
        0,
        0,
        0,
        0,
        0,
        0,
        0,
        0,
      ],
      "severe": Array [
        0.0005,
        0.0015,
        0.003,
        0.0045,
        0.012,
        0.025,
        0.075,
        0.13999999999999999,
        0.25,
      ],
    },
    "hospitalBeds": 698,
    "importsPerDay": Array [
      0.011111111111111112,
      0.011111111111111112,
      0.011111111111111112,
      0.011111111111111112,
      0.011111111111111112,
      0.011111111111111112,
      0.011111111111111112,
      0.011111111111111112,
      0.011111111111111112,
    ],
    "numberStochasticRuns": 0,
    "populationServed": 195000,
    "rate": Object {
      "critical": Array [
        0.0125,
        0.025,
        0.025,
        0.0375,
        0.05,
        0.0625,
        0.0875,
        0.1125,
        0.1375,
      ],
      "discharge": Array [
        0.2375,
        0.225,
        0.225,
        0.2125,
        0.2,
        0.1875,
        0.1625,
        0.1375,
        0.11249999999999999,
      ],
      "fatality": Array [
        0.02142857142857143,
        0.02142857142857143,
        0.02142857142857143,
        0.02142857142857143,
        0.02142857142857143,
        0.028571428571428574,
        0.028571428571428574,
        0.03571428571428571,
        0.03571428571428571,
      ],
      "infection": [Function],
      "latency": 0.2,
      "overflowFatality": Array [
        0.04285714285714286,
        0.04285714285714286,
        0.04285714285714286,
        0.04285714285714286,
        0.04285714285714286,
        0.05714285714285715,
        0.05714285714285715,
        0.07142857142857142,
        0.07142857142857142,
      ],
      "recovery": Array [
        0.33316666666666667,
        0.33283333333333337,
        0.3323333333333333,
        0.33183333333333337,
        0.3293333333333333,
        0.325,
        0.30833333333333335,
        0.2866666666666667,
        0.25,
      ],
      "severe": Array [
        0.00016666666666666666,
        0.0005,
        0.001,
        0.0014999999999999998,
        0.004,
        0.008333333333333333,
        0.024999999999999998,
        0.04666666666666666,
        0.08333333333333333,
      ],
      "stabilize": Array [
        0.049999999999999996,
        0.049999999999999996,
        0.049999999999999996,
        0.049999999999999996,
        0.049999999999999996,
        0.04285714285714286,
        0.04285714285714286,
        0.03571428571428571,
        0.03571428571428571,
      ],
    },
    "timeDelta": 0,
    "timeDeltaDays": 0,
  },
]
`;

exports[`model initializePopulation produces the expected output in the default scenario 1`] = `
Object {
  "critical": Array [
    0,
    0,
    0,
    0,
    0,
    0,
    0,
    0,
    0,
  ],
  "exposed": Array [
    Array [
      0,
      0,
      0,
    ],
    Array [
      0,
      0,
      0,
    ],
    Array [
      0,
      0,
      0,
    ],
    Array [
      0,
      0,
      0,
    ],
    Array [
      0,
      0,
      0,
    ],
    Array [
      49.699999999999996,
      49.699999999999996,
      49.699999999999996,
    ],
    Array [
      0,
      0,
      0,
    ],
    Array [
      0,
      0,
      0,
    ],
    Array [
      0,
      0,
      0,
    ],
  ],
  "infectious": Array [
    0,
    0,
    0,
    0,
    0,
    63.9,
    0,
    0,
    0,
  ],
  "overflow": Array [
    0,
    0,
    0,
    0,
    0,
    0,
    0,
    0,
    0,
  ],
  "severe": Array [
    0,
    0,
    0,
    0,
    0,
    0,
    0,
    0,
    0,
  ],
  "susceptible": Array [
    19939,
    18811,
    23426,
    27471,
    26285,
    29542,
    22023,
    16943,
    10347,
  ],
}
`;
